mohaned@mohaned:~$ nano sdn_project.py
mohaned@mohaned:~$ sudo python3 sdn_project.py
----------------------------------------------
sudo apt install -y ryu-manager

-------------------------------



✅ الحل الصحيح (الأسهل والمُوصى به)
نفّذ هذا الأمر:
sudo apt update
sudo apt install -y ryu

✅ التأكد من التثبيت

بعد التثبيت:

ryu-manager --version


أو:

ryu-manager
-----------------------------------
mohaned@mohaned:~$ sudo apt update
Hit:1 http://archive.ubuntu.com/ubuntu noble InRelease
Hit:2 https://ppa.launchpadcontent.net/deadsnakes/ppa/ubuntu noble InRelease   
Hit:3 http://archive.ubuntu.com/ubuntu noble-updates InRelease                 
Hit:4 http://security.ubuntu.com/ubuntu noble-security InRelease
Hit:5 http://archive.ubuntu.com/ubuntu noble-backports InRelease
Reading package lists... Done
Building dependency tree... Done
Reading state information... Done
26 packages can be upgraded. Run 'apt list --upgradable' to see them.
mohaned@mohaned:~$ sudo apt install -y ryu
Reading package lists... Done
Building dependency tree... Done
Reading state information... Done
E: Unable to locate package ryu
mohaned@mohaned:~$ ryu-manager --version
ryu-manager: command not found
mohaned@mohaned:~$ 

